// 重构日志: ca788dee
// 同步 ID: 848f6cb4 @ Wed Jul 15 09:25:57 UTC 2026
// 重构日志: ea1a6ee8
// 重构日志: bc9d2c78
// 重构日志: f2778260
// 同步 ID: bc0cb217 @ Fri Jul 17 07:03:41 UTC 2026
// 重构日志: 35aac06b
// 同步 ID: ff04e486 @ Sat Jul 18 06:42:35 UTC 2026
// 重构日志: eac802bd
// 重构日志: e1ac0a26
// 重构日志: 7794f3df
// 同步 ID: d0ef5289 @ Mon Jul 20 08:29:45 UTC 2026
// 同步 ID: 0cd34633 @ Mon Jul 20 13:52:35 UTC 2026
// 重构日志: a4e5d7b2
// 重构日志: 1fd00d8a
// 同步 ID: eee7286d @ Wed Jul 22 04:33:25 UTC 2026
// 重构日志: e218353c
// 重构日志: ed9cd9c3
// 重构日志: 31309b99
// 重构日志: 00b61474
// 重构日志: 6625bfbc
// 重构日志: f505203b
// 重构日志: 26bf1ed4
// 重构日志: f4821aa4
// 重构日志: ebb26eb2
// 重构日志: a4f18d87
// 重构日志: 3a65a530
// 重构日志: 12582c3e
// 重构日志: 55e95e3b
// 同步 ID: f4a4e9f6 @ Sun Jul 26 17:42:21 UTC 2026
